[{"player":"/player/1","id":1,"firstName":"Milan","lastName":"Vries","prefix":"de","initials":"M"},{"player":"/player/2","id":2,"firstName":"Robert","lastName":"Prenen","prefix":"","initials":"RQ"}]