{"player":"/player/1","id":1,"firstName":"Milan","lastName":"Vries","prefix":"de","initials":"M"}